The target system is: Generic -  - arm
The host system is: Linux - 5.10.0-35-amd64 - x86_64
Compiling the C compiler identification source file "CMakeCCompilerId.c" succeeded.
Compiler: /home/klee/tools/arm-gnu-toolchain-14.3.rel1-x86_64-arm-none-eabi/bin/arm-none-eabi-gcc 
Build flags: 
Id flags: -c 

The output was:
0


Compilation of the C compiler identification source "CMakeCCompilerId.c" produced "CMakeCCompilerId.o"

The C compiler identification is GNU, found in "/home/klee/Github/VCU/build/CMakeFiles/3.18.4/CompilerIdC/CMakeCCompilerId.o"

Compiling the CXX compiler identification source file "CMakeCXXCompilerId.cpp" succeeded.
Compiler: /home/klee/tools/arm-gnu-toolchain-14.3.rel1-x86_64-arm-none-eabi/bin/arm-none-eabi-g++ 
Build flags: 
Id flags: -c 

The output was:
0


Compilation of the CXX compiler identification source "CMakeCXXCompilerId.cpp" produced "CMakeCXXCompilerId.o"

The CXX compiler identification is GNU, found in "/home/klee/Github/VCU/build/CMakeFiles/3.18.4/CompilerIdCXX/CMakeCXXCompilerId.o"

Detecting C compiler ABI info compiled with the following output:
Change Dir: /home/klee/Github/VCU/build/CMakeFiles/CMakeTmp

Run Build Command(s):/usr/bin/ninja cmTC_c8443 && [1/2] Building C object CMakeFiles/cmTC_c8443.dir/CMakeCCompilerABI.c.obj
Using built-in specs.
COLLECT_GCC=/home/klee/tools/arm-gnu-toolchain-14.3.rel1-x86_64-arm-none-eabi/bin/arm-none-eabi-gcc
Target: arm-none-eabi
Configured with: /data/jenkins/workspace/GNU-toolchain/arm-14/src/gcc/configure --target=arm-none-eabi --prefix=/data/jenkins/workspace/GNU-toolchain/arm-14/build-arm-none-eabi/install --with-gmp=/data/jenkins/workspace/GNU-toolchain/arm-14/build-arm-none-eabi/host-tools --with-mpfr=/data/jenkins/workspace/GNU-toolchain/arm-14/build-arm-none-eabi/host-tools --with-mpc=/data/jenkins/workspace/GNU-toolchain/arm-14/build-arm-none-eabi/host-tools --with-isl=/data/jenkins/workspace/GNU-toolchain/arm-14/build-arm-none-eabi/host-tools --disable-shared --disable-nls --disable-threads --disable-tls --enable-checking=release --enable-languages=c,c++,fortran --with-newlib --with-gnu-as --with-headers=yes --with-gnu-ld --with-native-system-header-dir=/include --with-sysroot=/data/jenkins/workspace/GNU-toolchain/arm-14/build-arm-none-eabi/install/arm-none-eabi --with-bugurl=https://bugs.linaro.org/ --with-multilib-list=aprofile,rmprofile --with-pkgversion='Arm GNU Toolchain 14.3.Rel1 (Build arm-14.174)'
Thread model: single
Supported LTO compression algorithms: zlib zstd
gcc version 14.3.1 20250623 (Arm GNU Toolchain 14.3.Rel1 (Build arm-14.174)) 
COLLECT_GCC_OPTIONS='-v' '-o' 'CMakeFiles/cmTC_c8443.dir/CMakeCCompilerABI.c.obj' '-c' '-mcpu=arm7tdmi' '-mfloat-abi=soft' '-marm' '-mlibarch=armv4t' '-march=armv4t' '-dumpdir' 'CMakeFiles/cmTC_c8443.dir/'
 /home/klee/tools/arm-gnu-toolchain-14.3.rel1-x86_64-arm-none-eabi/bin/../libexec/gcc/arm-none-eabi/14.3.1/cc1 -quiet -v -iprefix /home/klee/tools/arm-gnu-toolchain-14.3.rel1-x86_64-arm-none-eabi/bin/../lib/gcc/arm-none-eabi/14.3.1/ -isysroot /home/klee/tools/arm-gnu-toolchain-14.3.rel1-x86_64-arm-none-eabi/bin/../arm-none-eabi -D__USES_INITFINI__ /usr/share/cmake-3.18/Modules/CMakeCCompilerABI.c -quiet -dumpdir CMakeFiles/cmTC_c8443.dir/ -dumpbase CMakeCCompilerABI.c.c -dumpbase-ext .c -mcpu=arm7tdmi -mfloat-abi=soft -marm -mlibarch=armv4t -march=armv4t -version -o /tmp/cctLQcpa.s
GNU C17 (Arm GNU Toolchain 14.3.Rel1 (Build arm-14.174)) version 14.3.1 20250623 (arm-none-eabi)
	compiled by GNU C version 9.2.1 20191120 (Red Hat 9.2.1-2), GMP version 6.2.1, MPFR version 3.1.6, MPC version 1.0.3, isl version isl-0.15-1-g835ea3a-GMP

GGC heuristics: --param ggc-min-expand=100 --param ggc-min-heapsize=131072
ignoring duplicate directory "/home/klee/tools/arm-gnu-toolchain-14.3.rel1-x86_64-arm-none-eabi/bin/../lib/gcc/../../lib/gcc/arm-none-eabi/14.3.1/include"
ignoring nonexistent directory "/home/klee/tools/arm-gnu-toolchain-14.3.rel1-x86_64-arm-none-eabi/bin/../arm-none-eabi/usr/local/include"
ignoring duplicate directory "/home/klee/tools/arm-gnu-toolchain-14.3.rel1-x86_64-arm-none-eabi/bin/../lib/gcc/../../lib/gcc/arm-none-eabi/14.3.1/include-fixed"
ignoring duplicate directory "/home/klee/tools/arm-gnu-toolchain-14.3.rel1-x86_64-arm-none-eabi/bin/../lib/gcc/../../lib/gcc/arm-none-eabi/14.3.1/../../../../arm-none-eabi/include"
ignoring duplicate directory "/home/klee/tools/arm-gnu-toolchain-14.3.rel1-x86_64-arm-none-eabi/bin/../arm-none-eabi/include"
#include "..." search starts here:
#include <...> search starts here:
 /home/klee/tools/arm-gnu-toolchain-14.3.rel1-x86_64-arm-none-eabi/bin/../lib/gcc/arm-none-eabi/14.3.1/include
 /home/klee/tools/arm-gnu-toolchain-14.3.rel1-x86_64-arm-none-eabi/bin/../lib/gcc/arm-none-eabi/14.3.1/include-fixed
 /home/klee/tools/arm-gnu-toolchain-14.3.rel1-x86_64-arm-none-eabi/bin/../lib/gcc/arm-none-eabi/14.3.1/../../../../arm-none-eabi/include
End of search list.
Compiler executable checksum: f1c6d1095e4a9f51a2e062da29cb95b2
COLLECT_GCC_OPTIONS='-v' '-o' 'CMakeFiles/cmTC_c8443.dir/CMakeCCompilerABI.c.obj' '-c' '-mcpu=arm7tdmi' '-mfloat-abi=soft' '-marm' '-mlibarch=armv4t' '-march=armv4t' '-dumpdir' 'CMakeFiles/cmTC_c8443.dir/'
 /home/klee/tools/arm-gnu-toolchain-14.3.rel1-x86_64-arm-none-eabi/bin/../lib/gcc/arm-none-eabi/14.3.1/../../../../arm-none-eabi/bin/as -v -march=armv4t -mfloat-abi=soft -meabi=5 -o CMakeFiles/cmTC_c8443.dir/CMakeCCompilerABI.c.obj /tmp/cctLQcpa.s
GNU assembler version 2.44.0 (arm-none-eabi) using BFD version (Arm GNU Toolchain 14.3.Rel1 (Build arm-14.174)) 2.44.0.20250616
COMPILER_PATH=/home/klee/tools/arm-gnu-toolchain-14.3.rel1-x86_64-arm-none-eabi/bin/../libexec/gcc/arm-none-eabi/14.3.1/:/home/klee/tools/arm-gnu-toolchain-14.3.rel1-x86_64-arm-none-eabi/bin/../libexec/gcc/:/home/klee/tools/arm-gnu-toolchain-14.3.rel1-x86_64-arm-none-eabi/bin/../lib/gcc/arm-none-eabi/14.3.1/../../../../arm-none-eabi/bin/
LIBRARY_PATH=/home/klee/tools/arm-gnu-toolchain-14.3.rel1-x86_64-arm-none-eabi/bin/../lib/gcc/arm-none-eabi/14.3.1/:/home/klee/tools/arm-gnu-toolchain-14.3.rel1-x86_64-arm-none-eabi/bin/../lib/gcc/:/home/klee/tools/arm-gnu-toolchain-14.3.rel1-x86_64-arm-none-eabi/bin/../lib/gcc/arm-none-eabi/14.3.1/../../../../arm-none-eabi/lib/:/home/klee/tools/arm-gnu-toolchain-14.3.rel1-x86_64-arm-none-eabi/bin/../arm-none-eabi/lib/
COLLECT_GCC_OPTIONS='-v' '-o' 'CMakeFiles/cmTC_c8443.dir/CMakeCCompilerABI.c.obj' '-c' '-mcpu=arm7tdmi' '-mfloat-abi=soft' '-marm' '-mlibarch=armv4t' '-march=armv4t' '-dumpdir' 'CMakeFiles/cmTC_c8443.dir/CMakeCCompilerABI.c.'
[2/2] Linking C static library libcmTC_c8443.a



Parsed C implicit include dir info from above output: rv=done
  found start of include info
  found start of implicit include info
    add: [/home/klee/tools/arm-gnu-toolchain-14.3.rel1-x86_64-arm-none-eabi/bin/../lib/gcc/arm-none-eabi/14.3.1/include]
    add: [/home/klee/tools/arm-gnu-toolchain-14.3.rel1-x86_64-arm-none-eabi/bin/../lib/gcc/arm-none-eabi/14.3.1/include-fixed]
    add: [/home/klee/tools/arm-gnu-toolchain-14.3.rel1-x86_64-arm-none-eabi/bin/../lib/gcc/arm-none-eabi/14.3.1/../../../../arm-none-eabi/include]
  end of search list found
  collapse include dir [/home/klee/tools/arm-gnu-toolchain-14.3.rel1-x86_64-arm-none-eabi/bin/../lib/gcc/arm-none-eabi/14.3.1/include] ==> [/home/klee/tools/arm-gnu-toolchain-14.3.rel1-x86_64-arm-none-eabi/lib/gcc/arm-none-eabi/14.3.1/include]
  collapse include dir [/home/klee/tools/arm-gnu-toolchain-14.3.rel1-x86_64-arm-none-eabi/bin/../lib/gcc/arm-none-eabi/14.3.1/include-fixed] ==> [/home/klee/tools/arm-gnu-toolchain-14.3.rel1-x86_64-arm-none-eabi/lib/gcc/arm-none-eabi/14.3.1/include-fixed]
  collapse include dir [/home/klee/tools/arm-gnu-toolchain-14.3.rel1-x86_64-arm-none-eabi/bin/../lib/gcc/arm-none-eabi/14.3.1/../../../../arm-none-eabi/include] ==> [/home/klee/tools/arm-gnu-toolchain-14.3.rel1-x86_64-arm-none-eabi/arm-none-eabi/include]
  implicit include dirs: [/home/klee/tools/arm-gnu-toolchain-14.3.rel1-x86_64-arm-none-eabi/lib/gcc/arm-none-eabi/14.3.1/include;/home/klee/tools/arm-gnu-toolchain-14.3.rel1-x86_64-arm-none-eabi/lib/gcc/arm-none-eabi/14.3.1/include-fixed;/home/klee/tools/arm-gnu-toolchain-14.3.rel1-x86_64-arm-none-eabi/arm-none-eabi/include]


Parsed C implicit link information from above output:
  link line regex: [^( *|.*[/\])(arm-none-eabi-ld|CMAKE_LINK_STARTFILE-NOTFOUND|([^/\]+-)?ld|collect2)[^/\]*( |$)]
  ignore line: [Change Dir: /home/klee/Github/VCU/build/CMakeFiles/CMakeTmp]
  ignore line: []
  ignore line: [Run Build Command(s):/usr/bin/ninja cmTC_c8443 && [1/2] Building C object CMakeFiles/cmTC_c8443.dir/CMakeCCompilerABI.c.obj]
  ignore line: [Using built-in specs.]
  ignore line: [COLLECT_GCC=/home/klee/tools/arm-gnu-toolchain-14.3.rel1-x86_64-arm-none-eabi/bin/arm-none-eabi-gcc]
  ignore line: [Target: arm-none-eabi]
  ignore line: [Configured with: /data/jenkins/workspace/GNU-toolchain/arm-14/src/gcc/configure --target=arm-none-eabi --prefix=/data/jenkins/workspace/GNU-toolchain/arm-14/build-arm-none-eabi/install --with-gmp=/data/jenkins/workspace/GNU-toolchain/arm-14/build-arm-none-eabi/host-tools --with-mpfr=/data/jenkins/workspace/GNU-toolchain/arm-14/build-arm-none-eabi/host-tools --with-mpc=/data/jenkins/workspace/GNU-toolchain/arm-14/build-arm-none-eabi/host-tools --with-isl=/data/jenkins/workspace/GNU-toolchain/arm-14/build-arm-none-eabi/host-tools --disable-shared --disable-nls --disable-threads --disable-tls --enable-checking=release --enable-languages=c,c++,fortran --with-newlib --with-gnu-as --with-headers=yes --with-gnu-ld --with-native-system-header-dir=/include --with-sysroot=/data/jenkins/workspace/GNU-toolchain/arm-14/build-arm-none-eabi/install/arm-none-eabi --with-bugurl=https://bugs.linaro.org/ --with-multilib-list=aprofile,rmprofile --with-pkgversion='Arm GNU Toolchain 14.3.Rel1 (Build arm-14.174)']
  ignore line: [Thread model: single]
  ignore line: [Supported LTO compression algorithms: zlib zstd]
  ignore line: [gcc version 14.3.1 20250623 (Arm GNU Toolchain 14.3.Rel1 (Build arm-14.174)) ]
  ignore line: [COLLECT_GCC_OPTIONS='-v' '-o' 'CMakeFiles/cmTC_c8443.dir/CMakeCCompilerABI.c.obj' '-c' '-mcpu=arm7tdmi' '-mfloat-abi=soft' '-marm' '-mlibarch=armv4t' '-march=armv4t' '-dumpdir' 'CMakeFiles/cmTC_c8443.dir/']
  ignore line: [ /home/klee/tools/arm-gnu-toolchain-14.3.rel1-x86_64-arm-none-eabi/bin/../libexec/gcc/arm-none-eabi/14.3.1/cc1 -quiet -v -iprefix /home/klee/tools/arm-gnu-toolchain-14.3.rel1-x86_64-arm-none-eabi/bin/../lib/gcc/arm-none-eabi/14.3.1/ -isysroot /home/klee/tools/arm-gnu-toolchain-14.3.rel1-x86_64-arm-none-eabi/bin/../arm-none-eabi -D__USES_INITFINI__ /usr/share/cmake-3.18/Modules/CMakeCCompilerABI.c -quiet -dumpdir CMakeFiles/cmTC_c8443.dir/ -dumpbase CMakeCCompilerABI.c.c -dumpbase-ext .c -mcpu=arm7tdmi -mfloat-abi=soft -marm -mlibarch=armv4t -march=armv4t -version -o /tmp/cctLQcpa.s]
  ignore line: [GNU C17 (Arm GNU Toolchain 14.3.Rel1 (Build arm-14.174)) version 14.3.1 20250623 (arm-none-eabi)]
  ignore line: [	compiled by GNU C version 9.2.1 20191120 (Red Hat 9.2.1-2)  GMP version 6.2.1  MPFR version 3.1.6  MPC version 1.0.3  isl version isl-0.15-1-g835ea3a-GMP]
  ignore line: []
  ignore line: [GGC heuristics: --param ggc-min-expand=100 --param ggc-min-heapsize=131072]
  ignore line: [ignoring duplicate directory "/home/klee/tools/arm-gnu-toolchain-14.3.rel1-x86_64-arm-none-eabi/bin/../lib/gcc/../../lib/gcc/arm-none-eabi/14.3.1/include"]
  ignore line: [ignoring nonexistent directory "/home/klee/tools/arm-gnu-toolchain-14.3.rel1-x86_64-arm-none-eabi/bin/../arm-none-eabi/usr/local/include"]
  ignore line: [ignoring duplicate directory "/home/klee/tools/arm-gnu-toolchain-14.3.rel1-x86_64-arm-none-eabi/bin/../lib/gcc/../../lib/gcc/arm-none-eabi/14.3.1/include-fixed"]
  ignore line: [ignoring duplicate directory "/home/klee/tools/arm-gnu-toolchain-14.3.rel1-x86_64-arm-none-eabi/bin/../lib/gcc/../../lib/gcc/arm-none-eabi/14.3.1/../../../../arm-none-eabi/include"]
  ignore line: [ignoring duplicate directory "/home/klee/tools/arm-gnu-toolchain-14.3.rel1-x86_64-arm-none-eabi/bin/../arm-none-eabi/include"]
  ignore line: [#include "..." search starts here:]
  ignore line: [#include <...> search starts here:]
  ignore line: [ /home/klee/tools/arm-gnu-toolchain-14.3.rel1-x86_64-arm-none-eabi/bin/../lib/gcc/arm-none-eabi/14.3.1/include]
  ignore line: [ /home/klee/tools/arm-gnu-toolchain-14.3.rel1-x86_64-arm-none-eabi/bin/../lib/gcc/arm-none-eabi/14.3.1/include-fixed]
  ignore line: [ /home/klee/tools/arm-gnu-toolchain-14.3.rel1-x86_64-arm-none-eabi/bin/../lib/gcc/arm-none-eabi/14.3.1/../../../../arm-none-eabi/include]
  ignore line: [End of search list.]
  ignore line: [Compiler executable checksum: f1c6d1095e4a9f51a2e062da29cb95b2]
  ignore line: [COLLECT_GCC_OPTIONS='-v' '-o' 'CMakeFiles/cmTC_c8443.dir/CMakeCCompilerABI.c.obj' '-c' '-mcpu=arm7tdmi' '-mfloat-abi=soft' '-marm' '-mlibarch=armv4t' '-march=armv4t' '-dumpdir' 'CMakeFiles/cmTC_c8443.dir/']
  ignore line: [ /home/klee/tools/arm-gnu-toolchain-14.3.rel1-x86_64-arm-none-eabi/bin/../lib/gcc/arm-none-eabi/14.3.1/../../../../arm-none-eabi/bin/as -v -march=armv4t -mfloat-abi=soft -meabi=5 -o CMakeFiles/cmTC_c8443.dir/CMakeCCompilerABI.c.obj /tmp/cctLQcpa.s]
  ignore line: [GNU assembler version 2.44.0 (arm-none-eabi) using BFD version (Arm GNU Toolchain 14.3.Rel1 (Build arm-14.174)) 2.44.0.20250616]
  ignore line: [COMPILER_PATH=/home/klee/tools/arm-gnu-toolchain-14.3.rel1-x86_64-arm-none-eabi/bin/../libexec/gcc/arm-none-eabi/14.3.1/:/home/klee/tools/arm-gnu-toolchain-14.3.rel1-x86_64-arm-none-eabi/bin/../libexec/gcc/:/home/klee/tools/arm-gnu-toolchain-14.3.rel1-x86_64-arm-none-eabi/bin/../lib/gcc/arm-none-eabi/14.3.1/../../../../arm-none-eabi/bin/]
  ignore line: [LIBRARY_PATH=/home/klee/tools/arm-gnu-toolchain-14.3.rel1-x86_64-arm-none-eabi/bin/../lib/gcc/arm-none-eabi/14.3.1/:/home/klee/tools/arm-gnu-toolchain-14.3.rel1-x86_64-arm-none-eabi/bin/../lib/gcc/:/home/klee/tools/arm-gnu-toolchain-14.3.rel1-x86_64-arm-none-eabi/bin/../lib/gcc/arm-none-eabi/14.3.1/../../../../arm-none-eabi/lib/:/home/klee/tools/arm-gnu-toolchain-14.3.rel1-x86_64-arm-none-eabi/bin/../arm-none-eabi/lib/]
  ignore line: [COLLECT_GCC_OPTIONS='-v' '-o' 'CMakeFiles/cmTC_c8443.dir/CMakeCCompilerABI.c.obj' '-c' '-mcpu=arm7tdmi' '-mfloat-abi=soft' '-marm' '-mlibarch=armv4t' '-march=armv4t' '-dumpdir' 'CMakeFiles/cmTC_c8443.dir/CMakeCCompilerABI.c.']
  ignore line: [[2/2] Linking C static library libcmTC_c8443.a]
  ignore line: []
  ignore line: []
  implicit libs: []
  implicit dirs: []
  implicit fwks: []


Detecting CXX compiler ABI info compiled with the following output:
Change Dir: /home/klee/Github/VCU/build/CMakeFiles/CMakeTmp

Run Build Command(s):/usr/bin/ninja cmTC_1744b && [1/2] Building CXX object CMakeFiles/cmTC_1744b.dir/CMakeCXXCompilerABI.cpp.obj
Using built-in specs.
COLLECT_GCC=/home/klee/tools/arm-gnu-toolchain-14.3.rel1-x86_64-arm-none-eabi/bin/arm-none-eabi-g++
Target: arm-none-eabi
Configured with: /data/jenkins/workspace/GNU-toolchain/arm-14/src/gcc/configure --target=arm-none-eabi --prefix=/data/jenkins/workspace/GNU-toolchain/arm-14/build-arm-none-eabi/install --with-gmp=/data/jenkins/workspace/GNU-toolchain/arm-14/build-arm-none-eabi/host-tools --with-mpfr=/data/jenkins/workspace/GNU-toolchain/arm-14/build-arm-none-eabi/host-tools --with-mpc=/data/jenkins/workspace/GNU-toolchain/arm-14/build-arm-none-eabi/host-tools --with-isl=/data/jenkins/workspace/GNU-toolchain/arm-14/build-arm-none-eabi/host-tools --disable-shared --disable-nls --disable-threads --disable-tls --enable-checking=release --enable-languages=c,c++,fortran --with-newlib --with-gnu-as --with-headers=yes --with-gnu-ld --with-native-system-header-dir=/include --with-sysroot=/data/jenkins/workspace/GNU-toolchain/arm-14/build-arm-none-eabi/install/arm-none-eabi --with-bugurl=https://bugs.linaro.org/ --with-multilib-list=aprofile,rmprofile --with-pkgversion='Arm GNU Toolchain 14.3.Rel1 (Build arm-14.174)'
Thread model: single
Supported LTO compression algorithms: zlib zstd
gcc version 14.3.1 20250623 (Arm GNU Toolchain 14.3.Rel1 (Build arm-14.174)) 
COLLECT_GCC_OPTIONS='-v' '-o' 'CMakeFiles/cmTC_1744b.dir/CMakeCXXCompilerABI.cpp.obj' '-c' '-mcpu=arm7tdmi' '-mfloat-abi=soft' '-marm' '-mlibarch=armv4t' '-march=armv4t' '-dumpdir' 'CMakeFiles/cmTC_1744b.dir/'
 /home/klee/tools/arm-gnu-toolchain-14.3.rel1-x86_64-arm-none-eabi/bin/../libexec/gcc/arm-none-eabi/14.3.1/cc1plus -quiet -v -iprefix /home/klee/tools/arm-gnu-toolchain-14.3.rel1-x86_64-arm-none-eabi/bin/../lib/gcc/arm-none-eabi/14.3.1/ -isysroot /home/klee/tools/arm-gnu-toolchain-14.3.rel1-x86_64-arm-none-eabi/bin/../arm-none-eabi -D__USES_INITFINI__ /usr/share/cmake-3.18/Modules/CMakeCXXCompilerABI.cpp -quiet -dumpdir CMakeFiles/cmTC_1744b.dir/ -dumpbase CMakeCXXCompilerABI.cpp.cpp -dumpbase-ext .cpp -mcpu=arm7tdmi -mfloat-abi=soft -marm -mlibarch=armv4t -march=armv4t -version -o /tmp/ccb9hsM6.s
GNU C++17 (Arm GNU Toolchain 14.3.Rel1 (Build arm-14.174)) version 14.3.1 20250623 (arm-none-eabi)
	compiled by GNU C version 9.2.1 20191120 (Red Hat 9.2.1-2), GMP version 6.2.1, MPFR version 3.1.6, MPC version 1.0.3, isl version isl-0.15-1-g835ea3a-GMP

GGC heuristics: --param ggc-min-expand=100 --param ggc-min-heapsize=131072
ignoring duplicate directory "/home/klee/tools/arm-gnu-toolchain-14.3.rel1-x86_64-arm-none-eabi/bin/../lib/gcc/../../lib/gcc/arm-none-eabi/14.3.1/../../../../arm-none-eabi/include/c++/14.3.1"
ignoring duplicate directory "/home/klee/tools/arm-gnu-toolchain-14.3.rel1-x86_64-arm-none-eabi/bin/../lib/gcc/../../lib/gcc/arm-none-eabi/14.3.1/../../../../arm-none-eabi/include/c++/14.3.1/arm-none-eabi"
ignoring duplicate directory "/home/klee/tools/arm-gnu-toolchain-14.3.rel1-x86_64-arm-none-eabi/bin/../lib/gcc/../../lib/gcc/arm-none-eabi/14.3.1/../../../../arm-none-eabi/include/c++/14.3.1/backward"
ignoring duplicate directory "/home/klee/tools/arm-gnu-toolchain-14.3.rel1-x86_64-arm-none-eabi/bin/../lib/gcc/../../lib/gcc/arm-none-eabi/14.3.1/include"
ignoring nonexistent directory "/home/klee/tools/arm-gnu-toolchain-14.3.rel1-x86_64-arm-none-eabi/bin/../arm-none-eabi/usr/local/include"
ignoring duplicate directory "/home/klee/tools/arm-gnu-toolchain-14.3.rel1-x86_64-arm-none-eabi/bin/../lib/gcc/../../lib/gcc/arm-none-eabi/14.3.1/include-fixed"
ignoring duplicate directory "/home/klee/tools/arm-gnu-toolchain-14.3.rel1-x86_64-arm-none-eabi/bin/../lib/gcc/../../lib/gcc/arm-none-eabi/14.3.1/../../../../arm-none-eabi/include"
ignoring duplicate directory "/home/klee/tools/arm-gnu-toolchain-14.3.rel1-x86_64-arm-none-eabi/bin/../arm-none-eabi/include"
#include "..." search starts here:
#include <...> search starts here:
 /home/klee/tools/arm-gnu-toolchain-14.3.rel1-x86_64-arm-none-eabi/bin/../lib/gcc/arm-none-eabi/14.3.1/../../../../arm-none-eabi/include/c++/14.3.1
 /home/klee/tools/arm-gnu-toolchain-14.3.rel1-x86_64-arm-none-eabi/bin/../lib/gcc/arm-none-eabi/14.3.1/../../../../arm-none-eabi/include/c++/14.3.1/arm-none-eabi
 /home/klee/tools/arm-gnu-toolchain-14.3.rel1-x86_64-arm-none-eabi/bin/../lib/gcc/arm-none-eabi/14.3.1/../../../../arm-none-eabi/include/c++/14.3.1/backward
 /home/klee/tools/arm-gnu-toolchain-14.3.rel1-x86_64-arm-none-eabi/bin/../lib/gcc/arm-none-eabi/14.3.1/include
 /home/klee/tools/arm-gnu-toolchain-14.3.rel1-x86_64-arm-none-eabi/bin/../lib/gcc/arm-none-eabi/14.3.1/include-fixed
 /home/klee/tools/arm-gnu-toolchain-14.3.rel1-x86_64-arm-none-eabi/bin/../lib/gcc/arm-none-eabi/14.3.1/../../../../arm-none-eabi/include
End of search list.
Compiler executable checksum: 533e33c5ce831fccacfca7f53cae5699
COLLECT_GCC_OPTIONS='-v' '-o' 'CMakeFiles/cmTC_1744b.dir/CMakeCXXCompilerABI.cpp.obj' '-c' '-mcpu=arm7tdmi' '-mfloat-abi=soft' '-marm' '-mlibarch=armv4t' '-march=armv4t' '-dumpdir' 'CMakeFiles/cmTC_1744b.dir/'
 /home/klee/tools/arm-gnu-toolchain-14.3.rel1-x86_64-arm-none-eabi/bin/../lib/gcc/arm-none-eabi/14.3.1/../../../../arm-none-eabi/bin/as -v -march=armv4t -mfloat-abi=soft -meabi=5 -o CMakeFiles/cmTC_1744b.dir/CMakeCXXCompilerABI.cpp.obj /tmp/ccb9hsM6.s
GNU assembler version 2.44.0 (arm-none-eabi) using BFD version (Arm GNU Toolchain 14.3.Rel1 (Build arm-14.174)) 2.44.0.20250616
COMPILER_PATH=/home/klee/tools/arm-gnu-toolchain-14.3.rel1-x86_64-arm-none-eabi/bin/../libexec/gcc/arm-none-eabi/14.3.1/:/home/klee/tools/arm-gnu-toolchain-14.3.rel1-x86_64-arm-none-eabi/bin/../libexec/gcc/:/home/klee/tools/arm-gnu-toolchain-14.3.rel1-x86_64-arm-none-eabi/bin/../lib/gcc/arm-none-eabi/14.3.1/../../../../arm-none-eabi/bin/
LIBRARY_PATH=/home/klee/tools/arm-gnu-toolchain-14.3.rel1-x86_64-arm-none-eabi/bin/../lib/gcc/arm-none-eabi/14.3.1/:/home/klee/tools/arm-gnu-toolchain-14.3.rel1-x86_64-arm-none-eabi/bin/../lib/gcc/:/home/klee/tools/arm-gnu-toolchain-14.3.rel1-x86_64-arm-none-eabi/bin/../lib/gcc/arm-none-eabi/14.3.1/../../../../arm-none-eabi/lib/:/home/klee/tools/arm-gnu-toolchain-14.3.rel1-x86_64-arm-none-eabi/bin/../arm-none-eabi/lib/
COLLECT_GCC_OPTIONS='-v' '-o' 'CMakeFiles/cmTC_1744b.dir/CMakeCXXCompilerABI.cpp.obj' '-c' '-mcpu=arm7tdmi' '-mfloat-abi=soft' '-marm' '-mlibarch=armv4t' '-march=armv4t' '-dumpdir' 'CMakeFiles/cmTC_1744b.dir/CMakeCXXCompilerABI.cpp.'
[2/2] Linking CXX static library libcmTC_1744b.a



Parsed CXX implicit include dir info from above output: rv=done
  found start of include info
  found start of implicit include info
    add: [/home/klee/tools/arm-gnu-toolchain-14.3.rel1-x86_64-arm-none-eabi/bin/../lib/gcc/arm-none-eabi/14.3.1/../../../../arm-none-eabi/include/c++/14.3.1]
    add: [/home/klee/tools/arm-gnu-toolchain-14.3.rel1-x86_64-arm-none-eabi/bin/../lib/gcc/arm-none-eabi/14.3.1/../../../../arm-none-eabi/include/c++/14.3.1/arm-none-eabi]
    add: [/home/klee/tools/arm-gnu-toolchain-14.3.rel1-x86_64-arm-none-eabi/bin/../lib/gcc/arm-none-eabi/14.3.1/../../../../arm-none-eabi/include/c++/14.3.1/backward]
    add: [/home/klee/tools/arm-gnu-toolchain-14.3.rel1-x86_64-arm-none-eabi/bin/../lib/gcc/arm-none-eabi/14.3.1/include]
    add: [/home/klee/tools/arm-gnu-toolchain-14.3.rel1-x86_64-arm-none-eabi/bin/../lib/gcc/arm-none-eabi/14.3.1/include-fixed]
    add: [/home/klee/tools/arm-gnu-toolchain-14.3.rel1-x86_64-arm-none-eabi/bin/../lib/gcc/arm-none-eabi/14.3.1/../../../../arm-none-eabi/include]
  end of search list found
  collapse include dir [/home/klee/tools/arm-gnu-toolchain-14.3.rel1-x86_64-arm-none-eabi/bin/../lib/gcc/arm-none-eabi/14.3.1/../../../../arm-none-eabi/include/c++/14.3.1] ==> [/home/klee/tools/arm-gnu-toolchain-14.3.rel1-x86_64-arm-none-eabi/arm-none-eabi/include/c++/14.3.1]
  collapse include dir [/home/klee/tools/arm-gnu-toolchain-14.3.rel1-x86_64-arm-none-eabi/bin/../lib/gcc/arm-none-eabi/14.3.1/../../../../arm-none-eabi/include/c++/14.3.1/arm-none-eabi] ==> [/home/klee/tools/arm-gnu-toolchain-14.3.rel1-x86_64-arm-none-eabi/arm-none-eabi/include/c++/14.3.1/arm-none-eabi]
  collapse include dir [/home/klee/tools/arm-gnu-toolchain-14.3.rel1-x86_64-arm-none-eabi/bin/../lib/gcc/arm-none-eabi/14.3.1/../../../../arm-none-eabi/include/c++/14.3.1/backward] ==> [/home/klee/tools/arm-gnu-toolchain-14.3.rel1-x86_64-arm-none-eabi/arm-none-eabi/include/c++/14.3.1/backward]
  collapse include dir [/home/klee/tools/arm-gnu-toolchain-14.3.rel1-x86_64-arm-none-eabi/bin/../lib/gcc/arm-none-eabi/14.3.1/include] ==> [/home/klee/tools/arm-gnu-toolchain-14.3.rel1-x86_64-arm-none-eabi/lib/gcc/arm-none-eabi/14.3.1/include]
  collapse include dir [/home/klee/tools/arm-gnu-toolchain-14.3.rel1-x86_64-arm-none-eabi/bin/../lib/gcc/arm-none-eabi/14.3.1/include-fixed] ==> [/home/klee/tools/arm-gnu-toolchain-14.3.rel1-x86_64-arm-none-eabi/lib/gcc/arm-none-eabi/14.3.1/include-fixed]
  collapse include dir [/home/klee/tools/arm-gnu-toolchain-14.3.rel1-x86_64-arm-none-eabi/bin/../lib/gcc/arm-none-eabi/14.3.1/../../../../arm-none-eabi/include] ==> [/home/klee/tools/arm-gnu-toolchain-14.3.rel1-x86_64-arm-none-eabi/arm-none-eabi/include]
  implicit include dirs: [/home/klee/tools/arm-gnu-toolchain-14.3.rel1-x86_64-arm-none-eabi/arm-none-eabi/include/c++/14.3.1;/home/klee/tools/arm-gnu-toolchain-14.3.rel1-x86_64-arm-none-eabi/arm-none-eabi/include/c++/14.3.1/arm-none-eabi;/home/klee/tools/arm-gnu-toolchain-14.3.rel1-x86_64-arm-none-eabi/arm-none-eabi/include/c++/14.3.1/backward;/home/klee/tools/arm-gnu-toolchain-14.3.rel1-x86_64-arm-none-eabi/lib/gcc/arm-none-eabi/14.3.1/include;/home/klee/tools/arm-gnu-toolchain-14.3.rel1-x86_64-arm-none-eabi/lib/gcc/arm-none-eabi/14.3.1/include-fixed;/home/klee/tools/arm-gnu-toolchain-14.3.rel1-x86_64-arm-none-eabi/arm-none-eabi/include]


Parsed CXX implicit link information from above output:
  link line regex: [^( *|.*[/\])(arm-none-eabi-ld|CMAKE_LINK_STARTFILE-NOTFOUND|([^/\]+-)?ld|collect2)[^/\]*( |$)]
  ignore line: [Change Dir: /home/klee/Github/VCU/build/CMakeFiles/CMakeTmp]
  ignore line: []
  ignore line: [Run Build Command(s):/usr/bin/ninja cmTC_1744b && [1/2] Building CXX object CMakeFiles/cmTC_1744b.dir/CMakeCXXCompilerABI.cpp.obj]
  ignore line: [Using built-in specs.]
  ignore line: [COLLECT_GCC=/home/klee/tools/arm-gnu-toolchain-14.3.rel1-x86_64-arm-none-eabi/bin/arm-none-eabi-g++]
  ignore line: [Target: arm-none-eabi]
  ignore line: [Configured with: /data/jenkins/workspace/GNU-toolchain/arm-14/src/gcc/configure --target=arm-none-eabi --prefix=/data/jenkins/workspace/GNU-toolchain/arm-14/build-arm-none-eabi/install --with-gmp=/data/jenkins/workspace/GNU-toolchain/arm-14/build-arm-none-eabi/host-tools --with-mpfr=/data/jenkins/workspace/GNU-toolchain/arm-14/build-arm-none-eabi/host-tools --with-mpc=/data/jenkins/workspace/GNU-toolchain/arm-14/build-arm-none-eabi/host-tools --with-isl=/data/jenkins/workspace/GNU-toolchain/arm-14/build-arm-none-eabi/host-tools --disable-shared --disable-nls --disable-threads --disable-tls --enable-checking=release --enable-languages=c,c++,fortran --with-newlib --with-gnu-as --with-headers=yes --with-gnu-ld --with-native-system-header-dir=/include --with-sysroot=/data/jenkins/workspace/GNU-toolchain/arm-14/build-arm-none-eabi/install/arm-none-eabi --with-bugurl=https://bugs.linaro.org/ --with-multilib-list=aprofile,rmprofile --with-pkgversion='Arm GNU Toolchain 14.3.Rel1 (Build arm-14.174)']
  ignore line: [Thread model: single]
  ignore line: [Supported LTO compression algorithms: zlib zstd]
  ignore line: [gcc version 14.3.1 20250623 (Arm GNU Toolchain 14.3.Rel1 (Build arm-14.174)) ]
  ignore line: [COLLECT_GCC_OPTIONS='-v' '-o' 'CMakeFiles/cmTC_1744b.dir/CMakeCXXCompilerABI.cpp.obj' '-c' '-mcpu=arm7tdmi' '-mfloat-abi=soft' '-marm' '-mlibarch=armv4t' '-march=armv4t' '-dumpdir' 'CMakeFiles/cmTC_1744b.dir/']
  ignore line: [ /home/klee/tools/arm-gnu-toolchain-14.3.rel1-x86_64-arm-none-eabi/bin/../libexec/gcc/arm-none-eabi/14.3.1/cc1plus -quiet -v -iprefix /home/klee/tools/arm-gnu-toolchain-14.3.rel1-x86_64-arm-none-eabi/bin/../lib/gcc/arm-none-eabi/14.3.1/ -isysroot /home/klee/tools/arm-gnu-toolchain-14.3.rel1-x86_64-arm-none-eabi/bin/../arm-none-eabi -D__USES_INITFINI__ /usr/share/cmake-3.18/Modules/CMakeCXXCompilerABI.cpp -quiet -dumpdir CMakeFiles/cmTC_1744b.dir/ -dumpbase CMakeCXXCompilerABI.cpp.cpp -dumpbase-ext .cpp -mcpu=arm7tdmi -mfloat-abi=soft -marm -mlibarch=armv4t -march=armv4t -version -o /tmp/ccb9hsM6.s]
  ignore line: [GNU C++17 (Arm GNU Toolchain 14.3.Rel1 (Build arm-14.174)) version 14.3.1 20250623 (arm-none-eabi)]
  ignore line: [	compiled by GNU C version 9.2.1 20191120 (Red Hat 9.2.1-2)  GMP version 6.2.1  MPFR version 3.1.6  MPC version 1.0.3  isl version isl-0.15-1-g835ea3a-GMP]
  ignore line: []
  ignore line: [GGC heuristics: --param ggc-min-expand=100 --param ggc-min-heapsize=131072]
  ignore line: [ignoring duplicate directory "/home/klee/tools/arm-gnu-toolchain-14.3.rel1-x86_64-arm-none-eabi/bin/../lib/gcc/../../lib/gcc/arm-none-eabi/14.3.1/../../../../arm-none-eabi/include/c++/14.3.1"]
  ignore line: [ignoring duplicate directory "/home/klee/tools/arm-gnu-toolchain-14.3.rel1-x86_64-arm-none-eabi/bin/../lib/gcc/../../lib/gcc/arm-none-eabi/14.3.1/../../../../arm-none-eabi/include/c++/14.3.1/arm-none-eabi"]
  ignore line: [ignoring duplicate directory "/home/klee/tools/arm-gnu-toolchain-14.3.rel1-x86_64-arm-none-eabi/bin/../lib/gcc/../../lib/gcc/arm-none-eabi/14.3.1/../../../../arm-none-eabi/include/c++/14.3.1/backward"]
  ignore line: [ignoring duplicate directory "/home/klee/tools/arm-gnu-toolchain-14.3.rel1-x86_64-arm-none-eabi/bin/../lib/gcc/../../lib/gcc/arm-none-eabi/14.3.1/include"]
  ignore line: [ignoring nonexistent directory "/home/klee/tools/arm-gnu-toolchain-14.3.rel1-x86_64-arm-none-eabi/bin/../arm-none-eabi/usr/local/include"]
  ignore line: [ignoring duplicate directory "/home/klee/tools/arm-gnu-toolchain-14.3.rel1-x86_64-arm-none-eabi/bin/../lib/gcc/../../lib/gcc/arm-none-eabi/14.3.1/include-fixed"]
  ignore line: [ignoring duplicate directory "/home/klee/tools/arm-gnu-toolchain-14.3.rel1-x86_64-arm-none-eabi/bin/../lib/gcc/../../lib/gcc/arm-none-eabi/14.3.1/../../../../arm-none-eabi/include"]
  ignore line: [ignoring duplicate directory "/home/klee/tools/arm-gnu-toolchain-14.3.rel1-x86_64-arm-none-eabi/bin/../arm-none-eabi/include"]
  ignore line: [#include "..." search starts here:]
  ignore line: [#include <...> search starts here:]
  ignore line: [ /home/klee/tools/arm-gnu-toolchain-14.3.rel1-x86_64-arm-none-eabi/bin/../lib/gcc/arm-none-eabi/14.3.1/../../../../arm-none-eabi/include/c++/14.3.1]
  ignore line: [ /home/klee/tools/arm-gnu-toolchain-14.3.rel1-x86_64-arm-none-eabi/bin/../lib/gcc/arm-none-eabi/14.3.1/../../../../arm-none-eabi/include/c++/14.3.1/arm-none-eabi]
  ignore line: [ /home/klee/tools/arm-gnu-toolchain-14.3.rel1-x86_64-arm-none-eabi/bin/../lib/gcc/arm-none-eabi/14.3.1/../../../../arm-none-eabi/include/c++/14.3.1/backward]
  ignore line: [ /home/klee/tools/arm-gnu-toolchain-14.3.rel1-x86_64-arm-none-eabi/bin/../lib/gcc/arm-none-eabi/14.3.1/include]
  ignore line: [ /home/klee/tools/arm-gnu-toolchain-14.3.rel1-x86_64-arm-none-eabi/bin/../lib/gcc/arm-none-eabi/14.3.1/include-fixed]
  ignore line: [ /home/klee/tools/arm-gnu-toolchain-14.3.rel1-x86_64-arm-none-eabi/bin/../lib/gcc/arm-none-eabi/14.3.1/../../../../arm-none-eabi/include]
  ignore line: [End of search list.]
  ignore line: [Compiler executable checksum: 533e33c5ce831fccacfca7f53cae5699]
  ignore line: [COLLECT_GCC_OPTIONS='-v' '-o' 'CMakeFiles/cmTC_1744b.dir/CMakeCXXCompilerABI.cpp.obj' '-c' '-mcpu=arm7tdmi' '-mfloat-abi=soft' '-marm' '-mlibarch=armv4t' '-march=armv4t' '-dumpdir' 'CMakeFiles/cmTC_1744b.dir/']
  ignore line: [ /home/klee/tools/arm-gnu-toolchain-14.3.rel1-x86_64-arm-none-eabi/bin/../lib/gcc/arm-none-eabi/14.3.1/../../../../arm-none-eabi/bin/as -v -march=armv4t -mfloat-abi=soft -meabi=5 -o CMakeFiles/cmTC_1744b.dir/CMakeCXXCompilerABI.cpp.obj /tmp/ccb9hsM6.s]
  ignore line: [GNU assembler version 2.44.0 (arm-none-eabi) using BFD version (Arm GNU Toolchain 14.3.Rel1 (Build arm-14.174)) 2.44.0.20250616]
  ignore line: [COMPILER_PATH=/home/klee/tools/arm-gnu-toolchain-14.3.rel1-x86_64-arm-none-eabi/bin/../libexec/gcc/arm-none-eabi/14.3.1/:/home/klee/tools/arm-gnu-toolchain-14.3.rel1-x86_64-arm-none-eabi/bin/../libexec/gcc/:/home/klee/tools/arm-gnu-toolchain-14.3.rel1-x86_64-arm-none-eabi/bin/../lib/gcc/arm-none-eabi/14.3.1/../../../../arm-none-eabi/bin/]
  ignore line: [LIBRARY_PATH=/home/klee/tools/arm-gnu-toolchain-14.3.rel1-x86_64-arm-none-eabi/bin/../lib/gcc/arm-none-eabi/14.3.1/:/home/klee/tools/arm-gnu-toolchain-14.3.rel1-x86_64-arm-none-eabi/bin/../lib/gcc/:/home/klee/tools/arm-gnu-toolchain-14.3.rel1-x86_64-arm-none-eabi/bin/../lib/gcc/arm-none-eabi/14.3.1/../../../../arm-none-eabi/lib/:/home/klee/tools/arm-gnu-toolchain-14.3.rel1-x86_64-arm-none-eabi/bin/../arm-none-eabi/lib/]
  ignore line: [COLLECT_GCC_OPTIONS='-v' '-o' 'CMakeFiles/cmTC_1744b.dir/CMakeCXXCompilerABI.cpp.obj' '-c' '-mcpu=arm7tdmi' '-mfloat-abi=soft' '-marm' '-mlibarch=armv4t' '-march=armv4t' '-dumpdir' 'CMakeFiles/cmTC_1744b.dir/CMakeCXXCompilerABI.cpp.']
  ignore line: [[2/2] Linking CXX static library libcmTC_1744b.a]
  ignore line: []
  ignore line: []
  implicit libs: []
  implicit dirs: []
  implicit fwks: []


